
> davstep-living-town@2.0.0 check
> tsc --noEmit && tsx --test tests/*.test.ts

✔ every rendered reaction names a placed partner from an earlier wave (121.690583ms)
✔ each direct choice commits once and survives reload (4.203875ms)
✔ development stages describe capabilities and have unique identities (0.114834ms)
✔ causal effects support every action and release resources on interruption (17.658583ms)
✔ a new mill animates its arrival and each stage gained from earlier partners (3.770375ms)
✔ roads advance earlier partners without replaying their arrivals (0.253708ms)
✔ an earlier workshop can grow when a later partner arrives (0.166833ms)
✔ all five landmarks retain stages 3–6 with bounded desktop and mobile geometry (114.130333ms)
✔ hero meshes have finite normals and nondegenerate exported triangles (8.602834ms)
✔ all home levels produce distinct stable development states and finish as townhouses (45.807334ms)
✔ regular offices and shops have eight distinct authored states in both detail levels (4.906875ms)
✔ new district buildings develop after opening instead of spawning complete (2.430375ms)
✔ mature regular models retain road footprints, finite geometry and bounded detail (159.007792ms)
✔ zooming and rotating keep the camera inside the mountain ring (0.843083ms)
✔ wide overview retains its apparent zoom while the camera stops at the valley edge (0.0915ms)
✔ river, crossings and gatehouses each follow their own progression threshold (6.297167ms)
✔ moat bed is below the entire water circuit and feeder, away from occupied plots (2.88325ms)
✔ moat fills, resets and releases owned resources without disposing shared materials (79.652792ms)
✔ the mill stream passes through both moat banks without a sand wall (25.201167ms)
✔ terrain channels reset without losing the independent mill stream in either detail tier (869.537667ms)
✔ castle construction remains inside the original stage envelope (20.066125ms)
✔ castle authored buffers are reused across builds (0.253208ms)
✔ the opening valley has no river or trees, and each choice reveals its landscape (325.105041ms)
✔ the playable frontier contains only waterways and preserves the main river during channel updates (874.103041ms)
✔ consecutive growth stages combine while supplies preserve their causal order (1.946875ms)
✔ cinematic and development playback converges with skip and reload (171.755708ms)
✔ the beacon cinematic follows artifact installation and precedes the final tower reveal (0.379041ms)
✔ every idea has a clear arrival path for its one worker (2.977125ms)
✔ an idea-colored crew hops in, works, cheers, leaves, and clears on skip (16.297041ms)
✔ all six civic families retain every construction stage in both quality tiers (24.324834ms)
✔ civic stages stay inside the existing collider envelopes and triangle ceilings (90.45ms)
✔ civic source buffers are shared across builds and survive clone disposal (0.364917ms)
✔ windmill tower and full sail sweep clear the walls, roads and ground in both LODs (387.496875ms)
✔ mill entrance lane stays walkable through the mature farm site (27.201167ms)
✔ archive gets a dedicated library model while district offices retain their post model (14.295333ms)
✔ workers arrive along clear paths outside the finished building (1.175291ms)
✔ construction stays near the worksite and settles cleanly (12.316ms)
✔ every cottage family and construction stage has desktop and mobile geometry (27.557167ms)
✔ cached cottage buffers survive repeated builds and renovation stays visible (4.9395ms)
✔ porch geometry follows the four-variant porch slot (1.104125ms)
✔ game homes begin with four distinct construction footprints (5.1635ms)
✔ scene batching disposes old batches while retaining authored cottage buffers (1913.324625ms)
✔ authored forest and roads reuse source geometry through rebuilds (2537.645084ms)
✔ game roads have no geometry before the Roads choice (16.172917ms)
✔ building growth rebuilds retain authored buffers and replace merged meshes (274.655625ms)
✔ all eighty milestones have distinct named events and a valid world destination (10.428583ms)
✔ every advanced level reveals its own geometry and all regions reset in desktop and mobile (4148.826542ms)
✔ buildings drop or rise with anticipation, one impact each, and settle at rest (2.695167ms)
✔ skipping jumps straight to the finished state (0.295542ms)
✔ juice particles are pooled, expire, and release everything on dispose (18.716958ms)
✔ late district upgrades focus the newly built site (0.704708ms)
✔ a prepared world develops all ten sites and earns the dragon beacon ending (6.857708ms)
✔ supply shortages recover when their source is placed later (0.337709ms)
✔ late roads can open existing walls rather than permanently missing a partnership (0.213833ms)
✔ the opening has no placed buildings, while event landmarks have initial persistent state (0.211042ms)
✔ version three saves preserve decisions and discoveries without reinterpreting legacy runs (0.298625ms)
✔ upgraded stream starts inside the main river and stays above its carved bed (0.365208ms)
✔ the mill channel is uncarved before its progression begins (0.4235ms)
✔ game windmill uses the relocated authored rotor and owns its disposable meshes (103.858292ms)
✔ planet scenery follows functioning supplies: wind drives gears, irrigation grows crops (1013.586583ms)
✔ castle summit stays level, approaches remain walkable, and detail concentrates on the mount (18.336625ms)
✔ the new hill cannot bury the mill channel (0.791167ms)
✔ landscape responds to dependencies and fully clears on restart in both quality tiers (12.453041ms)
✔ Blender hillside kit has complete bounded LODs and valid nondegenerate triangles (0.874709ms)
✔ choosing Market first builds Idle Outpost in its separate district without requiring another choice (3.441292ms)
✔ every district grows around its fixed original site and connects only when developed (6.911542ms)
✔ all five clickable project landmarks occupy separate sites across the planet (1.053041ms)
✔ district courtyards and upgrade details restore and reset without disposing shared materials (80.585958ms)
✔ planet districts do not draw standalone road rings or arches across building approaches (1.996667ms)
✔ habitat, husbandry and trade have distinct progression requirements (2.190708ms)
✔ merchant hulls stay in the main river, clear the bed, and berth at the port (184.015125ms)
✔ animals remain in dry reserved habitat; motion, reduced motion and reset reconcile (37.077125ms)
✔ authored wildlife and boats retain complete valid low-poly LODs (1.204542ms)
✔ the rendered terrain mesh leaves a navigable channel in both detail tiers (366.01875ms)
✔ nature kit has reusable complete family parts within both geometry budgets (1.948625ms)
✔ the path stone has a compact footprint for irregular road insets (0.130459ms)
✔ countryside develops through habitation, water and commerce (2.747667ms)
✔ country lanes remain on dry land outside the moat (1.168458ms)
✔ desktop and mobile countryside reconcile reload, reset and reduced motion without disposing shared materials (219.824958ms)
✔ Sandship descends above its fixed pad and settles exactly on its hillside placement (10.807625ms)
✔ skipping releases each rig resource once without disposing shared ship geometry or materials (1.981458ms)
✔ only the first Sandship appearance qualifies for a parachute, never an upgrade or restored save (0.315792ms)
✔ road faces hug the rendered hill across their whole width in both detail tiers (9795.309416ms)
✔ paving instances align their top with the hill normal without tilting other scenery (0.81ms)
✔ ambient rewards unlock at true max level, not the final hero model stage (1.525375ms)
✔ caravans use connected built roads and freeze under reduced motion; magic resets with upgrades (2753.121959ms)
✔ fishing cutter anchors to fish and periodically relocates while trade continues (191.788959ms)
✔ planet vegetation and clouds have bounded geometry and valid normals for instancing (75.042709ms)
✔ global growth uses the whole planet while individual arrivals retain close-ups (1.615584ms)
✔ cinematic follows the globe exterior and arrives exactly at its build framing (2.459666ms)
✔ cinematic eases in and out and supports a nearby follow-up upgrade (0.335291ms)
✔ cloud weather is frame-rate independent and does not fast-forward after hidden tabs (3.616375ms)
✔ ocean moisture, weather coverage and slow cloud lifecycles affect the same bounded pool (33.970667ms)
✔ reduced motion freezes clouds, reset clears them and disposal releases pooled geometry once (79.414667ms)
✔ Grove begins with three castle-side trees and expands geographically across all eight levels (288.733583ms)
✔ growth adds flowers and wildlife later; mature trees grow, road clearance persists, and reset restores an empty world (2388.693542ms)
✔ sprouting follows elapsed time and reduced motion completes the pending upgrade (22.537959ms)
✔ vegetation and habitat clearance includes riverbanks, farm fields and defensive walls (1.278709ms)
✔ projection preserves authored height ratios and maps picking back to the original town (2.227834ms)
✔ curving the scene preserves authored buffers, materials, colors and object placement (643.42525ms)
✔ native geography has substantial ocean basins, continents, mountains and dry town sites (2.983375ms)
✔ geography remains continuous across the longitude seam and the poles (0.205167ms)
✔ globe weather weakens direct light and raises sky fill without flattening clear-day shadows (0.9455ms)
✔ one globe shadow volume covers mountains and hero architecture through any orbit (0.280584ms)
✔ shadow resolution can be compared at runtime and releases an obsolete render target (0.392292ms)
✔ minecarts load in the mine, stop to unload, and return empty on a closed rail loop (58.246583ms)
✔ mine activity follows upgrades and removes old actors when the camp is rebuilt (20.138667ms)
✔ the complete rail loop stays above the mountain surface (0.301ms)
✔ houses face their access roads and retain their heading throughout construction (4.10025ms)
✔ turning the globe moves light over its surface while keeping the sun fixed in the view (0.316167ms)
✔ the planet camera retains enough depth precision for separated terrain details (0.059875ms)
✔ projection caches stable scene topology and observes nested additions and removals (622.75375ms)
✔ projection still patches replaced and edited material arrays on stable meshes (1.63075ms)
✔ native and shader geometry stays untouched, and disposal removes topology observers (1.244083ms)
✔ planet crops require both freshwater and a mill and stay on dry land (1.313333ms)
✔ planet river excavates before filling, persists across upgrades, and resets (645.363458ms)
✔ fantasy paths stay on dry gentle ground including edges and stop at disconnected land (4495.314167ms)
✔ town paving expands with upgrades while the outlying roads stay dirt; reset disposes meshes (4415.277041ms)
✔ every developed building has a facade-normal doorstep connection and no lane cuts through another building (1463.562042ms)
✔ upgrades reroute around expanded wings and porches even when occupied plot IDs stay the same (1999.351417ms)
✔ trees and boulders are cleared from the full road width and entrances, and restored on reset (499.687334ms)
✔ stone and timber gates frame all four road openings, including the wrapped sector pair (60.209333ms)
✔ all mature project footprints are dry and level, and dwarves have a mountain site (8.940209ms)
✔ all occupied sites reserve dry ground and walls omit unsafe coastline sections (26.662084ms)
✔ flagship has an explicit waterline, distinct silhouette and owned resources (mobile) (31.35575ms)
✔ fishing cutter has an explicit waterline, distinct silhouette and owned resources (mobile) (18.693959ms)
✔ flagship has an explicit waterline, distinct silhouette and owned resources (desktop) (43.885583ms)
✔ fishing cutter has an explicit waterline, distinct silhouette and owned resources (desktop) (14.827542ms)
✔ both ships keep their deck above the spherical ocean and their hull clear of the seabed throughout a round trip (507.975292ms)
✔ each bridge begins as timber and rebuilds in stone two Roads levels later, including the final upgrade (322.704125ms)
✔ surveyed bridges cross real water, clear the terrain, and attach to roads at both ends (1614.592417ms)
✔ shipping follows navigable ocean between berths and never cuts across land (67.228542ms)
✔ vegetation leaves bridge approaches and harbor walkways clear (2.239458ms)
✔ river and road upgrades reveal the fishing dock, fleet and crossings; reset releases the visible world (142.123917ms)
✔ wheat is one solid canopy and cuts a visible corridor for roads (578.130625ms)
✔ absolute cinematic seeking and finishing reconstructs every final event state (210.681958ms)
✔ opening destinations remain and departed gold never returns on late Wizard (130.458084ms)
✔ route samples clamp and stay continuous at ends (0.145416ms)
✔ journey actors remain upright on the sphere and the expedition includes physical shore transport (118.842708ms)
✔ each level-one project reveals a distinct foundation inside its plot (6.946833ms)
✔ prop exports obey placement envelopes and LOD budgets (2.897333ms)
✔ lantern glow uses shared warm lamp material and buffers are reused (0.737959ms)
✔ Blender river assets provide a complete reusable bridge and open pool rim (1.966208ms)
✔ the stream opens the outer wall, while farm tiles stay clear of both fences (1.8145ms)
✔ mill and river wait for timber, crew and tools before producing an irrigated harvest (3.102667ms)
✔ version three nine-choice saves can launch a last-turn River expedition (2.228583ms)
✔ excavation finishes before the fluid front advances (0.791333ms)
✔ river excavation advances without spawning a separate crew, and resets in both tiers (3.067875ms)
✔ the actual terrain cut advances from upstream and restores on restart (191.010625ms)
✔ new towns at the same age follow the same plan (10.580708ms)
✔ construction starts at the planned time (2.229ms)
✔ completed buildings and cottage details stay fixed (0.370375ms)
✔ weather follows a fixed repeating schedule (0.159167ms)
✔ progression makes inner and outer walls in order and keeps the castle growing (0.215833ms)
✔ offline elapsed time reaches the same state without replay and recap is bounded (0.500917ms)
✔ mature mergers retain children and most small homes (0.291416ms)
✔ save parsing tolerates corrupt input and protects progressed time from clock rollback (0.33225ms)
✔ road routing starts and ends at the requested locations (2.2465ms)
✔ fully grown houses leave the main roads clear (18.8435ms)
✔ walk collision blocks buildings and water while sliding along their edges (1.070417ms)
✔ a walker cannot pass through a wall segment but can use a gate (4.250792ms)
✔ wall sections meet at shared corners and gates align with their openings (0.84975ms)
✔ river and ponds sit inside carved terrain with dry banks (0.142167ms)
✔ keyboard and touch directions move the camera without an avatar (3.441916ms)
✔ cinematic phases provide cause, travel, interaction, delivery and permanent consequence (1.717ms)
✔ procedural dragon has finite articulated geometry and a compact sleeping footprint (mobile) (45.132625ms)
✔ procedural dragon has finite articulated geometry and a compact sleeping footprint (desktop) (39.955084ms)
✔ dragon poses are deterministic, preserve caller placement, and honor reduced motion (7.283459ms)
✔ dragon disposes every owned batch/material exactly once and detaches (3.769333ms)
✔ treasure comes from the island and schedules one preparation choice (2.918958ms)
✔ a Wizard placed during the warning tames the dragon immediately (2.825709ms)
✔ a raid steals gold and burns fruit production; later restoration does not undo theft (2.072667ms)
✔ an existing prepared mine visibly contains the eighth-choice eruption (4.274625ms)
✔ mine entrance alone cannot contain lava; local equipment repairs it on a later choice (2.887458ms)
✔ lava can stop the first lens caravan; opening a bypass releases its delivery (1.399416ms)
✔ the last Wizard uses prior artifacts and handles a still-approaching dragon (3.703542ms)
✔ a last-turn ship expedition resolves its encounter without an eleventh click (0.714042ms)
✔ last ordinary buildings use existing supplies without a future trigger (0.53375ms)
✔ random orders preserve single encounters, artifact custody and stage bounds (304.892291ms)
✔ event outcomes match an independent positional oracle across 2000 full orders (795.967375ms)
✔ the result explains the stolen ingredient rather than an internal beacon flag (0.925417ms)
✔ chest has grounded finite geometry, material batches and reduced mobile topology (18.06225ms)
✔ shrine has grounded finite geometry, material batches and reduced mobile topology (7.529291ms)
✔ caravan has grounded finite geometry, material batches and reduced mobile topology (24.289292ms)
✔ sockets has grounded finite geometry, material batches and reduced mobile topology (12.961875ms)
✔ articulated parts retain semantic groups and usable hinge/axle pivots (14.179958ms)
✔ collected shrine lens leaves an actual empty mount (2.653125ms)
✔ chest disposes every owned resource exactly once and detaches (3.749792ms)
✔ shrine disposes every owned resource exactly once and detaches (3.600042ms)
✔ caravan disposes every owned resource exactly once and detaches (2.959542ms)
✔ sockets disposes every owned resource exactly once and detaches (1.119792ms)
✔ tender desktop has budgeted open hull and disposable oar pivots (10.8775ms)
✔ tender mobile has budgeted open hull and disposable oar pivots (3.937292ms)
✔ event sites occupy existing land, the nearby volcanic summit and surveyed harbor surroundings (1.136916ms)
✔ authored lava crosses the required wagon pass, while safe lava and recovery bypass avoid it (1.1135ms)
✔ saved terrain history survives bypass and restoration, and reset restores the opening (11.112375ms)
✔ geometry is finite, spherical and native; reduced motion remains static without replacing meshes (5.970791ms)
✔ both exported lava grades strictly descend and their interpolated beds clear the terrain (0.334875ms)
✔ route capability toggles only the road and permanent discovery fixtures survive collection (4.384083ms)
ℹ tests 199
ℹ suites 0
ℹ pass 199
ℹ fail 0
ℹ cancelled 0
ℹ skipped 0
ℹ todo 0
ℹ duration_ms 17692.256209
